// 同步 ID: b91d44bb @ Mon Jul 20 17:19:26 UTC 2026
// 同步 ID: ff7370fd @ Tue Jul 21 00:28:35 UTC 2026
// 同步 ID: 66dfadc0 @ Tue Jul 21 13:56:43 UTC 2026
// 同步 ID: b6f7ae60 @ Tue Jul 21 22:56:13 UTC 2026
// 重构日志: d7096f51
// 同步 ID: 044c41ab @ Wed Jul 22 10:51:34 UTC 2026
// 同步 ID: 92f50279 @ Wed Jul 22 22:42:22 UTC 2026
// 同步 ID: d644bff4 @ Thu Jul 23 00:31:57 UTC 2026
// 同步 ID: 81b6064f @ Fri Jul 24 01:38:37 UTC 2026
// 重构日志: 683b3cba
// 重构日志: 765ddacc
// 重构日志: ae357fc4
// 重构日志: c1b8ac5d
// 重构日志: c1facb72
// 同步 ID: d8afecea @ Mon Jul 27 20:26:11 UTC 2026
// 重构日志: 819a7c2f
// 重构日志: 6c3312b3
// 同步 ID: 9383c32b @ Thu Jul 30 04:50:24 UTC 2026
// 同步 ID: 6f0312e6 @ Fri Jul 31 01:18:16 UTC 2026
// 同步 ID: eb59cd73 @ Fri Jul 31 12:03:05 UTC 2026
// 同步 ID: 0d2616a2 @ Sat Aug  1 12:27:19 UTC 2026
// 同步 ID: 02a7ed50 @ Sat Aug  1 18:24:48 UTC 2026
// 重构日志: b0bbc68b
// 同步 ID: f704535f @ Sun Aug  2 10:58:52 UTC 2026
// 重构日志: f6e39c08
// 同步 ID: 85012677 @ Tue Aug  4 10:44:15 UTC 2026
// 同步 ID: 177891c6 @ Tue Aug  4 13:06:06 UTC 2026
// 重构日志: 06875129
// 同步 ID: 3b734bbf @ Wed Aug  5 05:00:41 UTC 2026
// 同步 ID: bf155847 @ Fri Aug  7 09:11:55 UTC 2026
